#-----------------------------------------------------------
# Vivado v2024.2 (64-bit)
# SW Build 5239630 on Fri Nov 08 22:35:27 MST 2024
# IP Build 5239520 on Sun Nov 10 16:12:51 MST 2024
# SharedData Build 5239561 on Fri Nov 08 14:39:27 MST 2024
# Start of session at: Sun Jun 29 20:23:23 2025
# Process ID         : 7484
# Current directory  : C:/Users/PC/Documents/School/FHTechnikum/Semester4/Microelectr/Projekt/MIC-Project/Project/impl/Project_Counter.runs/impl_1
# Command line       : vivado.exe -log cntr_top.vdi -applog -product Vivado -messageDb vivado.pb -mode batch -source cntr_top.tcl -notrace
# Log file           : C:/Users/PC/Documents/School/FHTechnikum/Semester4/Microelectr/Projekt/MIC-Project/Project/impl/Project_Counter.runs/impl_1/cntr_top.vdi
# Journal file       : C:/Users/PC/Documents/School/FHTechnikum/Semester4/Microelectr/Projekt/MIC-Project/Project/impl/Project_Counter.runs/impl_1\vivado.jou
# Running On         : DESKTOP-EHP1IHP
# Platform           : Windows Server 2016 or Windows 10
# Operating System   : 26100
# Processor Detail   : AMD Ryzen 5 5600X 6-Core Processor             
# CPU Frequency      : 3700 MHz
# CPU Physical cores : 6
# CPU Logical cores  : 12
# Host memory        : 34268 MB
# Swap memory        : 27917 MB
# Total Virtual      : 62185 MB
# Available Virtual  : 29966 MB
#-----------------------------------------------------------
source cntr_top.tcl -notrace
